2026-09-25T13:54:10.860+01:00 WILD Horde — loading validated backend
2026-09-25T13:54:11.142+01:00 ORAS GAME PROFILE LOCKED: Omega Ruby 0x000400000011C400 sango-1 identity_mode=omega_ruby_to_frozen_as_title_gate
2026-09-25T13:54:11.152+01:00 SHINY AUTO-CATCH ARMED: Omega Ruby Horde mode; exactly one shiny => protect its RAM slot, KO the other four, then capture; 2+ shinies => unconditional Safety HOLD with no attacks or Balls. The hardware-proven Horde reducer waits for five-alive readiness and exact owner+0x93 COMMAND=1, then uses the per-battle COMMAND/MOVE fingerprint, exact target masks, one-step KO proof and protected-survivor capture path. The shiny coordinate is never touched.
2026-09-25T13:54:11.169+01:00 SHINY CHARM RAM: PRESENT (item 632 hit(s): [{'offset': 0, 'address': '0x08C6F2B0', 'item_id': 632, 'item_id_hex': '0x0278', 'count': 1}])
2026-09-25T13:54:11.479+01:00 PARTY LIVE ORDER D25: source=RUNTIME_POINTER_CHAIN species=[120, 252, 283, 265, 261, 263]
2026-09-25T13:54:11.482+01:00 POKERUS BASELINE: no active contagious party Pokérus
2026-09-25T13:54:11.767+01:00 HONEY HORDE PREFLIGHT PASS: item_id=94 save_slot=0 active_slot=1 quantity=619 items_active=9 lead=Staryu
2026-09-25T13:54:11.773+01:00 HORDE TRIGGER LOCKED: requested=honey resolved=honey
2026-09-25T13:54:11.780+01:00 START Omega Ruby Route 102 zone=24 grid=[181, 130] method=Horde axis=stationary
2026-09-25T13:54:12.330+01:00 AUTO SWEET SCENT TOUCH: HONEY YELLOW BAG SHORTCUT xy=(133,230) touch_state=0x01F546A5 completed=True
2026-09-25T13:54:13.433+01:00 HONEY DIRECT PATH: save RAM proves Honey active slot 1; field-controller scan bypassed; no navigation authorized
2026-09-25T13:54:13.545+01:00 HONEY PROBE PRE_A1: qty=1618 battle=0x00040000 flow=0x00000004 state710=0x08C3D2D8 state714=0x0008E6A0 state718=0x00000000 state7A0=0x08C380D0 state7F0=0x0821B45C ui78=NA ui7A=NA
2026-09-25T13:54:14.324+01:00 HONEY A1 SELECT: acknowledged COMPLETED
2026-09-25T13:54:14.429+01:00 HONEY PROBE POST_A1: qty=1618 battle=0x00040000 flow=0x00000004 state710=0x08C3D2D8 state714=0x0008E6A0 state718=0x00000000 state7A0=0x08C380D0 state7F0=0x0821B45C ui78=NA ui7A=NA
2026-09-25T13:54:14.442+01:00 HONEY A2 READINESS: waiting 1.25 s after A1 before Use
2026-09-25T13:54:15.977+01:00 HONEY A2 USE: acknowledged COMPLETED
2026-09-25T13:54:16.081+01:00 HONEY PROBE POST_A2: qty=1618 battle=0x00040000 flow=0x00000004 state710=0x08C3D2D8 state714=0x0008E6A0 state718=0x00000000 state7A0=0x08C380D0 state7F0=0x0821B45C ui78=NA ui7A=NA
2026-09-25T13:54:17.987+01:00 HONEY A2 RETRY AUTHORIZED: first Use was acknowledged but Honey quantity and battle RAM remained unchanged for 1.80 s
2026-09-25T13:54:19.155+01:00 HONEY A2 RETRY USE: acknowledged COMPLETED
2026-09-25T13:54:19.261+01:00 HONEY PROBE POST_A2_RETRY: qty=1617 battle=0x00040000 flow=0x00000004 state710=0x08C3D2D8 state714=0x0008E6A0 state718=0x00000000 state7A0=0x08C380D0 state7F0=0x0821B45C ui78=NA ui7A=NA
2026-09-25T13:54:23.369+01:00 HONEY HORDE PASS: battle active and Honey inventory decremented exactly once (1618->1617); selected_index=0
2026-09-25T13:54:26.189+01:00 HORDE LEAD RAM REFRESH: Staryu moves=[55, 145, 129, 61] PP=[16, 30, 20, 15] source=RUNTIME_POINTER_CHAIN
2026-09-25T13:54:26.191+01:00 PARTY LIVE ORDER: battle pointer table -> species [120, 252, 283, 261, 263, 265] order [0, 1, 2, 4, 5, 3]
2026-09-25T13:54:26.247+01:00 #1 HORDE x5 [AUTO SWEET SCENT]: Zigzagoon, Zigzagoon, Zigzagoon, Zigzagoon, Zigzagoon
2026-09-25T13:54:26.248+01:00   slot0 Zigzagoon PID 0xC40B119F XOR 5709 shiny=False
2026-09-25T13:54:26.248+01:00   slot1 Zigzagoon PID 0xF4C73A8D XOR 3475 shiny=False
2026-09-25T13:54:26.249+01:00   slot2 Zigzagoon PID 0x271F6CA2 XOR 34916 shiny=False
2026-09-25T13:54:26.250+01:00   slot3 Zigzagoon PID 0x301D2B1F XOR 55515 shiny=False
2026-09-25T13:54:26.250+01:00   slot4 Zigzagoon PID 0x23ECE494 XOR 1185 shiny=False
2026-09-25T13:54:26.398+01:00 HORDE AUTHORITY COMMITTED: +5 Pokémon seen before escape
2026-09-25T13:54:39.133+01:00 RUN RECOVERY EXTENSION: battle still active after 24 causal Run taps; allowing up to 24 additional bounded Run taps (48 total)
2026-09-25T13:54:41.354+01:00 PARTY LIVE ORDER D25: source=RUNTIME_POINTER_CHAIN species=[120, 252, 283, 265, 261, 263]
2026-09-25T13:54:41.357+01:00 TIMING #1: field->encounter 11.590s • battle+return 17.987s • cycle 29.576s
2026-09-25T13:54:41.358+01:00 HF97 PHASE #1: boundary_wait 2.594s • pre_run_processing 0.423s • run_to_core_field 12.989s • postcore_field_authority 1.968s • accepted_run_attempt 25
2026-09-25T13:54:41.377+01:00 PASS #1: Horde x5 • Run tap 25 -> Route 102 grid [181, 130]
2026-09-25T13:54:41.438+01:00 HONEY HORDE RE-ARM: waiting 1.00 s after prior Horde field return
2026-09-25T13:54:42.811+01:00 AUTO SWEET SCENT TOUCH: HONEY YELLOW BAG SHORTCUT xy=(133,230) touch_state=0x01F546A5 completed=True
2026-09-25T13:54:43.913+01:00 HONEY DIRECT PATH: save RAM proves Honey active slot 1; field-controller scan bypassed; no navigation authorized
2026-09-25T13:54:44.033+01:00 HONEY PROBE PRE_A1: qty=1617 battle=0x00040000 flow=0x00000004 state710=0x08C3D2D8 state714=0x001A0DAC state718=0x00000000 state7A0=0x08C380D0 state7F0=0x0821B45C ui78=NA ui7A=NA
2026-09-25T13:54:44.804+01:00 HONEY A1 SELECT: acknowledged COMPLETED
2026-09-25T13:54:44.916+01:00 HONEY PROBE POST_A1: qty=1617 battle=0x00040000 flow=0x00000004 state710=0x08C3D2D8 state714=0x0008E6A0 state718=0x00000000 state7A0=0x08C380D0 state7F0=0x0821B45C ui78=NA ui7A=NA
2026-09-25T13:54:44.929+01:00 HONEY A2 READINESS: waiting 1.25 s after A1 before Use
2026-09-25T13:54:46.474+01:00 HONEY A2 USE: acknowledged COMPLETED
2026-09-25T13:54:46.619+01:00 HONEY PROBE POST_A2: qty=1617 battle=0x00040000 flow=0x00000004 state710=0x08C3D2D8 state714=0x0008E6A0 state718=0x00000000 state7A0=0x08C380D0 state7F0=0x0821B45C ui78=NA ui7A=NA
2026-09-25T13:54:48.507+01:00 HONEY A2 RETRY AUTHORIZED: first Use was acknowledged but Honey quantity and battle RAM remained unchanged for 1.80 s
2026-09-25T13:54:49.658+01:00 HONEY A2 RETRY USE: acknowledged COMPLETED
2026-09-25T13:54:49.749+01:00 HONEY PROBE POST_A2_RETRY: qty=1616 battle=0x00040000 flow=0x00000004 state710=0x08C3D2D8 state714=0x0008E6A0 state718=0x00000000 state7A0=0x08C380D0 state7F0=0x0821B45C ui78=NA ui7A=NA
2026-09-25T13:54:53.821+01:00 HONEY HORDE PASS: battle active and Honey inventory decremented exactly once (1617->1616); selected_index=0
2026-09-25T13:54:56.711+01:00 HORDE LEAD RAM REFRESH: Staryu moves=[55, 145, 129, 61] PP=[16, 30, 20, 15] source=RUNTIME_POINTER_CHAIN
2026-09-25T13:54:56.713+01:00 PARTY LIVE ORDER: battle pointer table -> species [120, 252, 283, 261, 263, 265] order [0, 1, 2, 4, 5, 3]
2026-09-25T13:54:56.766+01:00 #2 HORDE x5 [AUTO SWEET SCENT]: Zigzagoon, Zigzagoon, Zigzagoon, Zigzagoon, Zigzagoon
2026-09-25T13:54:56.769+01:00   slot0 Zigzagoon PID 0x3774B2A2 XOR 17935 shiny=False
2026-09-25T13:54:56.769+01:00   slot1 Zigzagoon PID 0xEE685995 XOR 29732 shiny=False
2026-09-25T13:54:56.775+01:00   slot2 Zigzagoon PID 0xFBF07EC4 XOR 18157 shiny=False
2026-09-25T13:54:56.778+01:00   slot3 Zigzagoon PID 0xE10371C1 XOR 21275 shiny=False
2026-09-25T13:54:56.779+01:00   slot4 Zigzagoon PID 0x2948CDCF XOR 10078 shiny=False
2026-09-25T13:54:56.931+01:00 HORDE AUTHORITY COMMITTED: +5 Pokémon seen before escape
2026-09-25T13:55:09.810+01:00 RUN RECOVERY EXTENSION: battle still active after 24 causal Run taps; allowing up to 24 additional bounded Run taps (48 total)
2026-09-25T13:55:11.891+01:00 PARTY LIVE ORDER D25: source=RUNTIME_POINTER_CHAIN species=[120, 252, 283, 265, 261, 263]
2026-09-25T13:55:11.893+01:00 TIMING #2: field->encounter 12.444s • battle+return 18.070s • cycle 30.514s
2026-09-25T13:55:11.896+01:00 HF97 PHASE #2: boundary_wait 2.650s • pre_run_processing 0.450s • run_to_core_field 13.162s • postcore_field_authority 1.799s • accepted_run_attempt 25
2026-09-25T13:55:11.911+01:00 PASS #2: Horde x5 • Run tap 25 -> Route 102 grid [181, 130]
2026-09-25T13:55:11.988+01:00 HONEY HORDE RE-ARM: waiting 1.00 s after prior Horde field return
2026-09-25T13:55:13.385+01:00 AUTO SWEET SCENT TOUCH: HONEY YELLOW BAG SHORTCUT xy=(133,230) touch_state=0x01F546A5 completed=True
2026-09-25T13:55:14.488+01:00 HONEY DIRECT PATH: save RAM proves Honey active slot 1; field-controller scan bypassed; no navigation authorized
2026-09-25T13:55:14.607+01:00 HONEY PROBE PRE_A1: qty=1616 battle=0x00040000 flow=0x00000004 state710=0x08C3D2D8 state714=0x001A0DAC state718=0x00000000 state7A0=0x08C380D0 state7F0=0x0821B45C ui78=NA ui7A=NA
2026-09-25T13:55:15.382+01:00 HONEY A1 SELECT: acknowledged COMPLETED
2026-09-25T13:55:15.495+01:00 HONEY PROBE POST_A1: qty=1616 battle=0x00040000 flow=0x00000004 state710=0x08C3D2D8 state714=0x0008E6A0 state718=0x00000000 state7A0=0x08C380D0 state7F0=0x0821B45C ui78=NA ui7A=NA
2026-09-25T13:55:15.513+01:00 HONEY A2 READINESS: waiting 1.25 s after A1 before Use
2026-09-25T13:55:17.054+01:00 HONEY A2 USE: acknowledged COMPLETED
2026-09-25T13:55:17.194+01:00 HONEY PROBE POST_A2: qty=1616 battle=0x00040000 flow=0x00000004 state710=0x08C3D2D8 state714=0x0008E6A0 state718=0x00000000 state7A0=0x08C380D0 state7F0=0x0821B45C ui78=NA ui7A=NA
2026-09-25T13:55:19.115+01:00 HONEY A2 RETRY AUTHORIZED: first Use was acknowledged but Honey quantity and battle RAM remained unchanged for 1.80 s
2026-09-25T13:55:20.258+01:00 HONEY A2 RETRY USE: acknowledged COMPLETED
2026-09-25T13:55:20.359+01:00 HONEY PROBE POST_A2_RETRY: qty=1615 battle=0x00040000 flow=0x00000004 state710=0x08C3D2D8 state714=0x0008E6A0 state718=0x00000000 state7A0=0x08C380D0 state7F0=0x0821B45C ui78=NA ui7A=NA
2026-09-25T13:55:24.438+01:00 HONEY HORDE PASS: battle active and Honey inventory decremented exactly once (1616->1615); selected_index=0
2026-09-25T13:55:27.334+01:00 HORDE LEAD RAM REFRESH: Staryu moves=[55, 145, 129, 61] PP=[16, 30, 20, 15] source=RUNTIME_POINTER_CHAIN
2026-09-25T13:55:27.336+01:00 PARTY LIVE ORDER: battle pointer table -> species [120, 252, 283, 261, 263, 265] order [0, 1, 2, 4, 5, 3]
2026-09-25T13:55:27.387+01:00 #3 HORDE x5 [AUTO SWEET SCENT]: Seedot, Seedot, Seedot, Seedot, Seedot
2026-09-25T13:55:27.389+01:00   slot0 Seedot PID 0x18B52438 XOR 65364 shiny=False
2026-09-25T13:55:27.390+01:00   slot1 Seedot PID 0xEF2418AE XOR 13395 shiny=False
2026-09-25T13:55:27.393+01:00   slot2 Seedot PID 0x2A13CD6C XOR 9382 shiny=False
2026-09-25T13:55:27.395+01:00   slot3 Seedot PID 0xC6CF0B3A XOR 3628 shiny=False
2026-09-25T13:55:27.396+01:00   slot4 Seedot PID 0x2EDCFF16 XOR 4627 shiny=False
2026-09-25T13:55:27.556+01:00 HORDE AUTHORITY COMMITTED: +5 Pokémon seen before escape
2026-09-25T13:55:41.510+01:00 PARTY LIVE ORDER D25: source=RUNTIME_POINTER_CHAIN species=[120, 252, 283, 265, 261, 263]
2026-09-25T13:55:41.513+01:00 TIMING #3: field->encounter 12.528s • battle+return 17.073s • cycle 29.601s
2026-09-25T13:55:41.514+01:00 HF97 PHASE #3: boundary_wait 2.633s • pre_run_processing 0.477s • run_to_core_field 12.045s • postcore_field_authority 1.911s • accepted_run_attempt 24
2026-09-25T13:55:41.525+01:00 PASS #3: Horde x5 • Run tap 24 -> Route 102 grid [181, 130]
2026-09-25T13:55:41.578+01:00 HONEY HORDE RE-ARM: waiting 1.00 s after prior Horde field return
2026-09-25T13:55:42.948+01:00 AUTO SWEET SCENT TOUCH: HONEY YELLOW BAG SHORTCUT xy=(133,230) touch_state=0x01F546A5 completed=True
2026-09-25T13:55:44.050+01:00 HONEY DIRECT PATH: save RAM proves Honey active slot 1; field-controller scan bypassed; no navigation authorized
2026-09-25T13:55:44.190+01:00 HONEY PROBE PRE_A1: qty=1615 battle=0x00040000 flow=0x00000004 state710=0x08C3D2D8 state714=0x001A0DAC state718=0x00000000 state7A0=0x08C380D0 state7F0=0x0821B45C ui78=NA ui7A=NA
2026-09-25T13:55:44.944+01:00 HONEY A1 SELECT: acknowledged COMPLETED
2026-09-25T13:55:45.048+01:00 HONEY PROBE POST_A1: qty=1615 battle=0x00040000 flow=0x00000004 state710=0x08C3D2D8 state714=0x0008E6A0 state718=0x00000000 state7A0=0x08C380D0 state7F0=0x0821B45C ui78=NA ui7A=NA
2026-09-25T13:55:45.060+01:00 HONEY A2 READINESS: waiting 1.25 s after A1 before Use
2026-09-25T13:55:46.606+01:00 HONEY A2 USE: acknowledged COMPLETED
2026-09-25T13:55:46.716+01:00 HONEY PROBE POST_A2: qty=1615 battle=0x00040000 flow=0x00000004 state710=0x08C3D2D8 state714=0x0008E6A0 state718=0x00000000 state7A0=0x08C380D0 state7F0=0x0821B45C ui78=NA ui7A=NA
2026-09-25T13:55:48.657+01:00 HONEY A2 RETRY AUTHORIZED: first Use was acknowledged but Honey quantity and battle RAM remained unchanged for 1.80 s
2026-09-25T13:55:49.808+01:00 HONEY A2 RETRY USE: acknowledged COMPLETED
2026-09-25T13:55:49.915+01:00 HONEY PROBE POST_A2_RETRY: qty=1614 battle=0x00040000 flow=0x00000004 state710=0x08C3D2D8 state714=0x0008E6A0 state718=0x00000000 state7A0=0x08C380D0 state7F0=0x0821B45C ui78=NA ui7A=NA
2026-09-25T13:55:53.998+01:00 HONEY HORDE PASS: battle active and Honey inventory decremented exactly once (1615->1614); selected_index=0
2026-09-25T13:55:56.788+01:00 HORDE LEAD RAM REFRESH: Staryu moves=[55, 145, 129, 61] PP=[16, 30, 20, 15] source=RUNTIME_POINTER_CHAIN
2026-09-25T13:55:56.789+01:00 PARTY LIVE ORDER: battle pointer table -> species [120, 252, 283, 261, 263, 265] order [0, 1, 2, 4, 5, 3]
2026-09-25T13:55:56.837+01:00 #4 HORDE x5 [AUTO SWEET SCENT]: Zigzagoon, Zigzagoon, Zigzagoon, Zigzagoon, Zigzagoon
2026-09-25T13:55:56.838+01:00   slot0 Zigzagoon PID 0xB2E9965F XOR 59247 shiny=False
2026-09-25T13:55:56.845+01:00   slot1 Zigzagoon PID 0xAC7CEC0E XOR 33707 shiny=False
2026-09-25T13:55:56.846+01:00   slot2 Zigzagoon PID 0x61EB0EA1 XOR 44179 shiny=False
2026-09-25T13:55:56.854+01:00   slot3 Zigzagoon PID 0x1BD9FFFD XOR 10237 shiny=False
2026-09-25T13:55:56.855+01:00   slot4 Zigzagoon PID 0xD9CBCCC4 XOR 54998 shiny=False
2026-09-25T13:55:57.057+01:00 HORDE AUTHORITY COMMITTED: +5 Pokémon seen before escape
2026-09-25T13:56:09.814+01:00 RUN RECOVERY EXTENSION: battle still active after 24 causal Run taps; allowing up to 24 additional bounded Run taps (48 total)
2026-09-25T13:56:12.042+01:00 PARTY LIVE ORDER D25: source=RUNTIME_POINTER_CHAIN species=[120, 252, 283, 265, 261, 263]
2026-09-25T13:56:12.049+01:00 TIMING #4: field->encounter 12.473s • battle+return 18.049s • cycle 30.523s
2026-09-25T13:56:12.053+01:00 HF97 PHASE #4: boundary_wait 2.562s • pre_run_processing 0.487s • run_to_core_field 13.027s • postcore_field_authority 1.965s • accepted_run_attempt 25
2026-09-25T13:56:12.064+01:00 PASS #4: Horde x5 • Run tap 25 -> Route 102 grid [181, 130]
2026-09-25T13:56:12.118+01:00 HONEY HORDE RE-ARM: waiting 1.00 s after prior Horde field return
2026-09-25T13:56:13.489+01:00 AUTO SWEET SCENT TOUCH: HONEY YELLOW BAG SHORTCUT xy=(133,230) touch_state=0x01F546A5 completed=True
2026-09-25T13:56:14.591+01:00 HONEY DIRECT PATH: save RAM proves Honey active slot 1; field-controller scan bypassed; no navigation authorized
2026-09-25T13:56:14.709+01:00 HONEY PROBE PRE_A1: qty=1614 battle=0x00040000 flow=0x00000004 state710=0x08C3D2D8 state714=0x001A0DAC state718=0x00000000 state7A0=0x08C380D0 state7F0=0x0821B45C ui78=NA ui7A=NA
2026-09-25T13:56:15.482+01:00 HONEY A1 SELECT: acknowledged COMPLETED
2026-09-25T13:56:15.582+01:00 HONEY PROBE POST_A1: qty=1614 battle=0x00040000 flow=0x00000004 state710=0x08C3D2D8 state714=0x0008E6A0 state718=0x00000000 state7A0=0x08C380D0 state7F0=0x0821B45C ui78=NA ui7A=NA
2026-09-25T13:56:15.593+01:00 HONEY A2 READINESS: waiting 1.25 s after A1 before Use
2026-09-25T13:56:17.152+01:00 HONEY A2 USE: acknowledged COMPLETED
2026-09-25T13:56:17.256+01:00 HONEY PROBE POST_A2: qty=1614 battle=0x00040000 flow=0x00000004 state710=0x08C3D2D8 state714=0x0008E6A0 state718=0x00000000 state7A0=0x08C380D0 state7F0=0x0821B45C ui78=NA ui7A=NA
2026-09-25T13:56:19.179+01:00 HONEY A2 RETRY AUTHORIZED: first Use was acknowledged but Honey quantity and battle RAM remained unchanged for 1.80 s
2026-09-25T13:56:20.346+01:00 HONEY A2 RETRY USE: acknowledged COMPLETED
2026-09-25T13:56:20.449+01:00 HONEY PROBE POST_A2_RETRY: qty=1613 battle=0x00040000 flow=0x00000004 state710=0x08C3D2D8 state714=0x0008E6A0 state718=0x00000000 state7A0=0x08C380D0 state7F0=0x0821B45C ui78=NA ui7A=NA
2026-09-25T13:56:24.565+01:00 HONEY HORDE PASS: battle active and Honey inventory decremented exactly once (1614->1613); selected_index=0
2026-09-25T13:56:27.375+01:00 HORDE LEAD RAM REFRESH: Staryu moves=[55, 145, 129, 61] PP=[16, 30, 20, 15] source=RUNTIME_POINTER_CHAIN
2026-09-25T13:56:27.376+01:00 PARTY LIVE ORDER: battle pointer table -> species [120, 252, 283, 261, 263, 265] order [0, 1, 2, 4, 5, 3]
2026-09-25T13:56:27.434+01:00 #5 HORDE x5 [AUTO SWEET SCENT]: Zigzagoon, Zigzagoon, Zigzagoon, Zigzagoon, Zigzagoon
2026-09-25T13:56:27.435+01:00   slot0 Zigzagoon PID 0x3874E55E XOR 7923 shiny=False
2026-09-25T13:56:27.437+01:00   slot1 Zigzagoon PID 0xC1E21CE9 XOR 7890 shiny=False
2026-09-25T13:56:27.441+01:00   slot2 Zigzagoon PID 0xD3DEA122 XOR 45349 shiny=False
2026-09-25T13:56:27.443+01:00   slot3 Zigzagoon PID 0x6F84EBDF XOR 18306 shiny=False
2026-09-25T13:56:27.444+01:00   slot4 Zigzagoon PID 0xF36132A1 XOR 537 shiny=False
2026-09-25T13:56:27.717+01:00 HORDE AUTHORITY COMMITTED: +5 Pokémon seen before escape
2026-09-25T13:56:40.546+01:00 RUN RECOVERY EXTENSION: battle still active after 24 causal Run taps; allowing up to 24 additional bounded Run taps (48 total)
2026-09-25T13:56:42.195+01:00 PARTY LIVE ORDER D25: source=RUNTIME_POINTER_CHAIN species=[120, 252, 283, 265, 261, 263]
2026-09-25T13:56:42.198+01:00 TIMING #5: field->encounter 12.503s • battle+return 17.629s • cycle 30.132s
2026-09-25T13:56:42.199+01:00 HF97 PHASE #5: boundary_wait 2.555s • pre_run_processing 0.587s • run_to_core_field 12.960s • postcore_field_authority 1.520s • accepted_run_attempt None
2026-09-25T13:56:42.212+01:00 PASS #5: Horde x5 • Run tap None -> Route 102 grid [181, 130]
2026-09-25T13:56:42.280+01:00 HONEY HORDE RE-ARM: waiting 1.00 s after prior Horde field return
2026-09-25T13:56:43.654+01:00 AUTO SWEET SCENT TOUCH: HONEY YELLOW BAG SHORTCUT xy=(133,230) touch_state=0x01F546A5 completed=True
2026-09-25T13:56:44.757+01:00 HONEY DIRECT PATH: save RAM proves Honey active slot 1; field-controller scan bypassed; no navigation authorized
2026-09-25T13:56:44.875+01:00 HONEY PROBE PRE_A1: qty=1613 battle=0x00040000 flow=0x00000004 state710=0x08C3D2D8 state714=0x001A0DAC state718=0x00000000 state7A0=0x08C380D0 state7F0=0x0821B45C ui78=NA ui7A=NA
2026-09-25T13:56:45.639+01:00 HONEY A1 SELECT: acknowledged COMPLETED
2026-09-25T13:56:45.753+01:00 HONEY PROBE POST_A1: qty=1613 battle=0x00040000 flow=0x00000004 state710=0x08C3D2D8 state714=0x0008E6A0 state718=0x00000000 state7A0=0x08C380D0 state7F0=0x0821B45C ui78=NA ui7A=NA
2026-09-25T13:56:45.767+01:00 HONEY A2 READINESS: waiting 1.25 s after A1 before Use
2026-09-25T13:56:47.301+01:00 HONEY A2 USE: acknowledged COMPLETED
2026-09-25T13:56:47.409+01:00 HONEY PROBE POST_A2: qty=1613 battle=0x00040000 flow=0x00000004 state710=0x08C3D2D8 state714=0x0008E6A0 state718=0x00000000 state7A0=0x08C380D0 state7F0=0x0821B45C ui78=NA ui7A=NA
2026-09-25T13:56:49.353+01:00 HONEY A2 RETRY AUTHORIZED: first Use was acknowledged but Honey quantity and battle RAM remained unchanged for 1.80 s
2026-09-25T13:56:50.532+01:00 HONEY A2 RETRY USE: acknowledged COMPLETED
2026-09-25T13:56:50.650+01:00 HONEY PROBE POST_A2_RETRY: qty=1612 battle=0x00040000 flow=0x00000004 state710=0x08C3D2D8 state714=0x0008E6A0 state718=0x00000000 state7A0=0x08C380D0 state7F0=0x0821B45C ui78=NA ui7A=NA
2026-09-25T13:56:54.596+01:00 HONEY HORDE PASS: battle active and Honey inventory decremented exactly once (1613->1612); selected_index=0
2026-09-25T13:56:57.631+01:00 HORDE LEAD RAM REFRESH: Staryu moves=[55, 145, 129, 61] PP=[16, 30, 20, 15] source=RUNTIME_POINTER_CHAIN
2026-09-25T13:56:57.632+01:00 PARTY LIVE ORDER: battle pointer table -> species [120, 252, 283, 261, 263, 265] order [0, 1, 2, 4, 5, 3]
2026-09-25T13:56:57.696+01:00 #6 HORDE x5 [AUTO SWEET SCENT]: Ralts, Ralts, Ralts, Ralts, Ralts
2026-09-25T13:56:57.697+01:00   slot0 Ralts PID 0xC847DFA0 XOR 54334 shiny=False
2026-09-25T13:56:57.700+01:00   slot1 Ralts PID 0x220C4283 XOR 41814 shiny=False
2026-09-25T13:56:57.701+01:00   slot2 Ralts PID 0x75B24233 XOR 62552 shiny=False
2026-09-25T13:56:57.701+01:00   slot3 Ralts PID 0x38197BDE XOR 32798 shiny=False
2026-09-25T13:56:57.703+01:00   slot4 Ralts PID 0x71AF81CE XOR 13240 shiny=False
2026-09-25T13:56:57.860+01:00 HORDE AUTHORITY COMMITTED: +5 Pokémon seen before escape
2026-09-25T13:57:10.738+01:00 RUN RECOVERY EXTENSION: battle still active after 24 causal Run taps; allowing up to 24 additional bounded Run taps (48 total)
2026-09-25T13:57:23.157+01:00 SAFETY_HOLD: IntegrationHold: causal Run failed: battle stayed active through 48 bounded Run taps
